Godot Engine v4.6.3.stable.official.7d41c59c4 - https://godotengine.org

[   0% ] [90m[1mfirst_scan_filesystem[22m | Started Project initialization (5 steps)[39m[0m
[   0% ] [90m[1mfirst_scan_filesystem[22m | Scanning file structure...[39m[0m
[  16% ] [90m[1mfirst_scan_filesystem[22m | Loading global class names...[39m[0m
[  33% ] [90m[1mfirst_scan_filesystem[22m | Verifying GDExtensions...[39m[0m
[  50% ] [90m[1mfirst_scan_filesystem[22m | Creating autoload scripts...[39m[0m
[  66% ] [90m[1mfirst_scan_filesystem[22m | Initializing plugins...[39m[0m
[  83% ] [90m[1mfirst_scan_filesystem[22m | Starting file scan...[39m[0m
[92m[ DONE ][39m [1mfirst_scan_filesystem[22m
[0m
[   0% ] [90m[1mupdate_scripts_classes[22m | Started Registering global classes... (2 steps)[39m[0m
[   0% ] [90m[1mupdate_scripts_classes[22m | CombatArt[39m[0m
[  33% ] [90m[1mupdate_scripts_classes[22m | [39m[0m
[92m[ DONE ][39m [1mupdate_scripts_classes[22m
[0m
[   0% ] [90m[1m_update_scan_actions[22m | Started Scanning actions... (477 steps)[39m[0m
[   0% ] [90m[1m_update_scan_actions[22m | angel_idle_anim_f0.png[39m[0m
[   0% ] [90m[1m_update_scan_actions[22m | angel_idle_anim_f1.png[39m[0m
[   0% ] [90m[1m_update_scan_actions[22m | angel_idle_anim_f2.png[39m[0m
[   0% ] [90m[1m_update_scan_actions[22m | angel_idle_anim_f3.png[39m[0m
[   0% ] [90m[1m_update_scan_actions[22m | angel_run_anim_f0.png[39m[0m
[   1% ] [90m[1m_update_scan_actions[22m | angel_run_anim_f1.png[39m[0m
[   1% ] [90m[1m_update_scan_actions[22m | angel_run_anim_f2.png[39m[0m
[   1% ] [90m[1m_update_scan_actions[22m | angel_run_anim_f3.png[39m[0m
[   1% ] [90m[1m_update_scan_actions[22m | big_demon_idle_anim_f0.png[39m[0m
[   1% ] [90m[1m_update_scan_actions[22m | big_demon_idle_anim_f1.png[39m[0m
[   2% ] [90m[1m_update_scan_actions[22m | big_demon_idle_anim_f2.png[39m[0m
[   2% ] [90m[1m_update_scan_actions[22m | big_demon_idle_anim_f3.png[39m[0m
[   2% ] [90m[1m_update_scan_actions[22m | big_demon_run_anim_f0.png[39m[0m
[   2% ] [90m[1m_update_scan_actions[22m | big_demon_run_anim_f1.png[39m[0m
[   2% ] [90m[1m_update_scan_actions[22m | big_demon_run_anim_f2.png[39m[0m
[   3% ] [90m[1m_update_scan_actions[22m | big_demon_run_anim_f3.png[39m[0m
[   3% ] [90m[1m_update_scan_actions[22m | big_zombie_idle_anim_f0.png[39m[0m
[   3% ] [90m[1m_update_scan_actions[22m | big_zombie_idle_anim_f1.png[39m[0m
[   3% ] [90m[1m_update_scan_actions[22m | big_zombie_idle_anim_f2.png[39m[0m
[   3% ] [90m[1m_update_scan_actions[22m | big_zombie_idle_anim_f3.png[39m[0m
[   4% ] [90m[1m_update_scan_actions[22m | big_zombie_run_anim_f0.png[39m[0m
[   4% ] [90m[1m_update_scan_actions[22m | big_zombie_run_anim_f1.png[39m[0m
[   4% ] [90m[1m_update_scan_actions[22m | big_zombie_run_anim_f2.png[39m[0m
[   4% ] [90m[1m_update_scan_actions[22m | big_zombie_run_anim_f3.png[39m[0m
[   5% ] [90m[1m_update_scan_actions[22m | bomb_f0.png[39m[0m
[   5% ] [90m[1m_update_scan_actions[22m | bomb_f1.png[39m[0m
[   5% ] [90m[1m_update_scan_actions[22m | bomb_f2.png[39m[0m
[   5% ] [90m[1m_update_scan_actions[22m | button_blue_down.png[39m[0m
[   5% ] [90m[1m_update_scan_actions[22m | button_blue_up.png[39m[0m
[   6% ] [90m[1m_update_scan_actions[22m | button_red_down.png[39m[0m
[   6% ] [90m[1m_update_scan_actions[22m | button_red_up.png[39m[0m
[   6% ] [90m[1m_update_scan_actions[22m | chest_empty_open_anim_f0.png[39m[0m
[   6% ] [90m[1m_update_scan_actions[22m | chest_empty_open_anim_f1.png[39m[0m
[   6% ] [90m[1m_update_scan_actions[22m | chest_empty_open_anim_f2.png[39m[0m
[   7% ] [90m[1m_update_scan_actions[22m | chest_full_open_anim_f0.png[39m[0m
[   7% ] [90m[1m_update_scan_actions[22m | chest_full_open_anim_f1.png[39m[0m
[   7% ] [90m[1m_update_scan_actions[22m | chest_full_open_anim_f2.png[39m[0m
[   7% ] [90m[1m_update_scan_actions[22m | chest_mimic_open_anim_f0.png[39m[0m
[   7% ] [90m[1m_update_scan_actions[22m | chest_mimic_open_anim_f1.png[39m[0m
[   8% ] [90m[1m_update_scan_actions[22m | chest_mimic_open_anim_f2.png[39m[0m
[   8% ] [90m[1m_update_scan_actions[22m | chort_idle_anim_f0.png[39m[0m
[   8% ] [90m[1m_update_scan_actions[22m | chort_idle_anim_f1.png[39m[0m
[   8% ] [90m[1m_update_scan_actions[22m | chort_idle_anim_f2.png[39m[0m
[   8% ] [90m[1m_update_scan_actions[22m | chort_idle_anim_f3.png[39m[0m
[   9% ] [90m[1m_update_scan_actions[22m | chort_run_anim_f0.png[39m[0m
[   9% ] [90m[1m_update_scan_actions[22m | chort_run_anim_f1.png[39m[0m
[   9% ] [90m[1m_update_scan_actions[22m | chort_run_anim_f2.png[39m[0m
[   9% ] [90m[1m_update_scan_actions[22m | chort_run_anim_f3.png[39m[0m
[  10% ] [90m[1m_update_scan_actions[22m | coin_anim_f0.png[39m[0m
[  10% ] [90m[1m_update_scan_actions[22m | coin_anim_f1.png[39m[0m
[  10% ] [90m[1m_update_scan_actions[22m | coin_anim_f2.png[39m[0m
[  10% ] [90m[1m_update_scan_actions[22m | coin_anim_f3.png[39m[0m
[  10% ] [90m[1m_update_scan_actions[22m | column.png[39m[0m
[  11% ] [90m[1m_update_scan_actions[22m | column_wall.png[39m[0m
[  11% ] [90m[1m_update_scan_actions[22m | crate.png[39m[0m
[  11% ] [90m[1m_update_scan_actions[22m | doc_idle_anim_f0.png[39m[0m
[  11% ] [90m[1m_update_scan_actions[22m | doc_idle_anim_f1.png[39m[0m
[  11% ] [90m[1m_update_scan_actions[22m | doc_idle_anim_f2.png[39m[0m
[  12% ] [90m[1m_update_scan_actions[22m | doc_idle_anim_f3.png[39m[0m
[  12% ] [90m[1m_update_scan_actions[22m | doc_run_anim_f0.png[39m[0m
[  12% ] [90m[1m_update_scan_actions[22m | doc_run_anim_f1.png[39m[0m
[  12% ] [90m[1m_update_scan_actions[22m | doc_run_anim_f2.png[39m[0m
[  12% ] [90m[1m_update_scan_actions[22m | doc_run_anim_f3.png[39m[0m
[  13% ] [90m[1m_update_scan_actions[22m | doors_frame_left.png[39m[0m
[  13% ] [90m[1m_update_scan_actions[22m | doors_frame_right.png[39m[0m
[  13% ] [90m[1m_update_scan_actions[22m | doors_frame_top.png[39m[0m
[  13% ] [90m[1m_update_scan_actions[22m | doors_leaf_closed.png[39m[0m
[  14% ] [90m[1m_update_scan_actions[22m | doors_leaf_open.png[39m[0m
[  14% ] [90m[1m_update_scan_actions[22m | dwarf_f_hit_anim_f0.png[39m[0m
[  14% ] [90m[1m_update_scan_actions[22m | dwarf_f_idle_anim_f0.png[39m[0m
[  14% ] [90m[1m_update_scan_actions[22m | dwarf_f_idle_anim_f1.png[39m[0m
[  14% ] [90m[1m_update_scan_actions[22m | dwarf_f_idle_anim_f2.png[39m[0m
[  15% ] [90m[1m_update_scan_actions[22m | dwarf_f_idle_anim_f3.png[39m[0m
[  15% ] [90m[1m_update_scan_actions[22m | dwarf_f_run_anim_f0.png[39m[0m
[  15% ] [90m[1m_update_scan_actions[22m | dwarf_f_run_anim_f1.png[39m[0m
[  15% ] [90m[1m_update_scan_actions[22m | dwarf_f_run_anim_f2.png[39m[0m
[  15% ] [90m[1m_update_scan_actions[22m | dwarf_f_run_anim_f3.png[39m[0m
[  16% ] [90m[1m_update_scan_actions[22m | dwarf_m_hit_anim_f0.png[39m[0m
[  16% ] [90m[1m_update_scan_actions[22m | dwarf_m_idle_anim_f0.png[39m[0m
[  16% ] [90m[1m_update_scan_actions[22m | dwarf_m_idle_anim_f1.png[39m[0m
[  16% ] [90m[1m_update_scan_actions[22m | dwarf_m_idle_anim_f2.png[39m[0m
[  16% ] [90m[1m_update_scan_actions[22m | dwarf_m_idle_anim_f3.png[39m[0m
[  17% ] [90m[1m_update_scan_actions[22m | dwarf_m_run_anim_f0.png[39m[0m
[  17% ] [90m[1m_update_scan_actions[22m | dwarf_m_run_anim_f1.png[39m[0m
[  17% ] [90m[1m_update_scan_actions[22m | dwarf_m_run_anim_f2.png[39m[0m
[  17% ] [90m[1m_update_scan_actions[22m | dwarf_m_run_anim_f3.png[39m[0m
[  17% ] [90m[1m_update_scan_actions[22m | edge_down.png[39m[0m
[  18% ] [90m[1m_update_scan_actions[22m | elf_f_hit_anim_f0.png[39m[0m
[  18% ] [90m[1m_update_scan_actions[22m | elf_f_idle_anim_f0.png[39m[0m
[  18% ] [90m[1m_update_scan_actions[22m | elf_f_idle_anim_f1.png[39m[0m
[  18% ] [90m[1m_update_scan_actions[22m | elf_f_idle_anim_f2.png[39m[0m
[  19% ] [90m[1m_update_scan_actions[22m | elf_f_idle_anim_f3.png[39m[0m
[  19% ] [90m[1m_update_scan_actions[22m | elf_f_run_anim_f0.png[39m[0m
[  19% ] [90m[1m_update_scan_actions[22m | elf_f_run_anim_f1.png[39m[0m
[  19% ] [90m[1m_update_scan_actions[22m | elf_f_run_anim_f2.png[39m[0m
[  19% ] [90m[1m_update_scan_actions[22m | elf_f_run_anim_f3.png[39m[0m
[  20% ] [90m[1m_update_scan_actions[22m | elf_m_hit_anim_f0.png[39m[0m
[  20% ] [90m[1m_update_scan_actions[22m | elf_m_idle_anim_f0.png[39m[0m
[  20% ] [90m[1m_update_scan_actions[22m | elf_m_idle_anim_f1.png[39m[0m
[  20% ] [90m[1m_update_scan_actions[22m | elf_m_idle_anim_f2.png[39m[0m
[  20% ] [90m[1m_update_scan_actions[22m | elf_m_idle_anim_f3.png[39m[0m
[  21% ] [90m[1m_update_scan_actions[22m | elf_m_run_anim_f0.png[39m[0m
[  21% ] [90m[1m_update_scan_actions[22m | elf_m_run_anim_f1.png[39m[0m
[  21% ] [90m[1m_update_scan_actions[22m | elf_m_run_anim_f2.png[39m[0m
[  21% ] [90m[1m_update_scan_actions[22m | elf_m_run_anim_f3.png[39m[0m
[  21% ] [90m[1m_update_scan_actions[22m | flask_big_blue.png[39m[0m
[  22% ] [90m[1m_update_scan_actions[22m | flask_big_green.png[39m[0m
[  22% ] [90m[1m_update_scan_actions[22m | flask_big_red.png[39m[0m
[  22% ] [90m[1m_update_scan_actions[22m | flask_big_yellow.png[39m[0m
[  22% ] [90m[1m_update_scan_actions[22m | flask_blue.png[39m[0m
[  23% ] [90m[1m_update_scan_actions[22m | flask_green.png[39m[0m
[  23% ] [90m[1m_update_scan_actions[22m | flask_red.png[39m[0m
[  23% ] [90m[1m_update_scan_actions[22m | flask_yellow.png[39m[0m
[  23% ] [90m[1m_update_scan_actions[22m | floor_1.png[39m[0m
[  23% ] [90m[1m_update_scan_actions[22m | floor_2.png[39m[0m
[  24% ] [90m[1m_update_scan_actions[22m | floor_3.png[39m[0m
[  24% ] [90m[1m_update_scan_actions[22m | floor_4.png[39m[0m
[  24% ] [90m[1m_update_scan_actions[22m | floor_5.png[39m[0m
[  24% ] [90m[1m_update_scan_actions[22m | floor_6.png[39m[0m
[  24% ] [90m[1m_update_scan_actions[22m | floor_7.png[39m[0m
[  25% ] [90m[1m_update_scan_actions[22m | floor_8.png[39m[0m
[  25% ] [90m[1m_update_scan_actions[22m | floor_ladder.png[39m[0m
[  25% ] [90m[1m_update_scan_actions[22m | floor_spikes_anim_f0.png[39m[0m
[  25% ] [90m[1m_update_scan_actions[22m | floor_spikes_anim_f1.png[39m[0m
[  25% ] [90m[1m_update_scan_actions[22m | floor_spikes_anim_f2.png[39m[0m
[  26% ] [90m[1m_update_scan_actions[22m | floor_spikes_anim_f3.png[39m[0m
[  26% ] [90m[1m_update_scan_actions[22m | floor_stairs.png[39m[0m
[  26% ] [90m[1m_update_scan_actions[22m | goblin_idle_anim_f0.png[39m[0m
[  26% ] [90m[1m_update_scan_actions[22m | goblin_idle_anim_f1.png[39m[0m
[  26% ] [90m[1m_update_scan_actions[22m | goblin_idle_anim_f2.png[39m[0m
[  27% ] [90m[1m_update_scan_actions[22m | goblin_idle_anim_f3.png[39m[0m
[  27% ] [90m[1m_update_scan_actions[22m | goblin_run_anim_f0.png[39m[0m
[  27% ] [90m[1m_update_scan_actions[22m | goblin_run_anim_f1.png[39m[0m
[  27% ] [90m[1m_update_scan_actions[22m | goblin_run_anim_f2.png[39m[0m
[  28% ] [90m[1m_update_scan_actions[22m | goblin_run_anim_f3.png[39m[0m
[  28% ] [90m[1m_update_scan_actions[22m | hole.png[39m[0m
[  28% ] [90m[1m_update_scan_actions[22m | ice_zombie_anim_f0.png[39m[0m
[  28% ] [90m[1m_update_scan_actions[22m | ice_zombie_anim_f1.png[39m[0m
[  28% ] [90m[1m_update_scan_actions[22m | ice_zombie_anim_f2.png[39m[0m
[  29% ] [90m[1m_update_scan_actions[22m | ice_zombie_anim_f3.png[39m[0m
[  29% ] [90m[1m_update_scan_actions[22m | imp_idle_anim_f0.png[39m[0m
[  29% ] [90m[1m_update_scan_actions[22m | imp_idle_anim_f1.png[39m[0m
[  29% ] [90m[1m_update_scan_actions[22m | imp_idle_anim_f2.png[39m[0m
[  29% ] [90m[1m_update_scan_actions[22m | imp_idle_anim_f3.png[39m[0m
[  30% ] [90m[1m_update_scan_actions[22m | imp_run_anim_f0.png[39m[0m
[  30% ] [90m[1m_update_scan_actions[22m | imp_run_anim_f1.png[39m[0m
[  30% ] [90m[1m_update_scan_actions[22m | imp_run_anim_f2.png[39m[0m
[  30% ] [90m[1m_update_scan_actions[22m | imp_run_anim_f3.png[39m[0m
[  30% ] [90m[1m_update_scan_actions[22m | knight_f_hit_anim_f0.png[39m[0m
[  31% ] [90m[1m_update_scan_actions[22m | knight_f_idle_anim_f0.png[39m[0m
[  31% ] [90m[1m_update_scan_actions[22m | knight_f_idle_anim_f1.png[39m[0m
[  31% ] [90m[1m_update_scan_actions[22m | knight_f_idle_anim_f2.png[39m[0m
[  31% ] [90m[1m_update_scan_actions[22m | knight_f_idle_anim_f3.png[39m[0m
[  32% ] [90m[1m_update_scan_actions[22m | knight_f_run_anim_f0.png[39m[0m
[  32% ] [90m[1m_update_scan_actions[22m | knight_f_run_anim_f1.png[39m[0m
[  32% ] [90m[1m_update_scan_actions[22m | knight_f_run_anim_f2.png[39m[0m
[  32% ] [90m[1m_update_scan_actions[22m | knight_f_run_anim_f3.png[39m[0m
[  32% ] [90m[1m_update_scan_actions[22m | knight_m_hit_anim_f0.png[39m[0m
[  33% ] [90m[1m_update_scan_actions[22m | knight_m_idle_anim_f0.png[39m[0m
[  33% ] [90m[1m_update_scan_actions[22m | knight_m_idle_anim_f1.png[39m[0m
[  33% ] [90m[1m_update_scan_actions[22m | knight_m_idle_anim_f2.png[39m[0m
[  33% ] [90m[1m_update_scan_actions[22m | knight_m_idle_anim_f3.png[39m[0m
[  33% ] [90m[1m_update_scan_actions[22m | knight_m_run_anim_f0.png[39m[0m
[  34% ] [90m[1m_update_scan_actions[22m | knight_m_run_anim_f1.png[39m[0m
[  34% ] [90m[1m_update_scan_actions[22m | knight_m_run_anim_f2.png[39m[0m
[  34% ] [90m[1m_update_scan_actions[22m | knight_m_run_anim_f3.png[39m[0m
[  34% ] [90m[1m_update_scan_actions[22m | lever_left.png[39m[0m
[  34% ] [90m[1m_update_scan_actions[22m | lever_right.png[39m[0m
[  35% ] [90m[1m_update_scan_actions[22m | lizard_f_hit_anim_f0.png[39m[0m
[  35% ] [90m[1m_update_scan_actions[22m | lizard_f_idle_anim_f0.png[39m[0m
[  35% ] [90m[1m_update_scan_actions[22m | lizard_f_idle_anim_f1.png[39m[0m
[  35% ] [90m[1m_update_scan_actions[22m | lizard_f_idle_anim_f2.png[39m[0m
[  35% ] [90m[1m_update_scan_actions[22m | lizard_f_idle_anim_f3.png[39m[0m
[  36% ] [90m[1m_update_scan_actions[22m | lizard_f_run_anim_f0.png[39m[0m
[  36% ] [90m[1m_update_scan_actions[22m | lizard_f_run_anim_f1.png[39m[0m
[  36% ] [90m[1m_update_scan_actions[22m | lizard_f_run_anim_f2.png[39m[0m
[  36% ] [90m[1m_update_scan_actions[22m | lizard_f_run_anim_f3.png[39m[0m
[  37% ] [90m[1m_update_scan_actions[22m | lizard_m_hit_anim_f0.png[39m[0m
[  37% ] [90m[1m_update_scan_actions[22m | lizard_m_idle_anim_f0.png[39m[0m
[  37% ] [90m[1m_update_scan_actions[22m | lizard_m_idle_anim_f1.png[39m[0m
[  37% ] [90m[1m_update_scan_actions[22m | lizard_m_idle_anim_f2.png[39m[0m
[  37% ] [90m[1m_update_scan_actions[22m | lizard_m_idle_anim_f3.png[39m[0m
[  38% ] [90m[1m_update_scan_actions[22m | lizard_m_run_anim_f0.png[39m[0m
[  38% ] [90m[1m_update_scan_actions[22m | lizard_m_run_anim_f1.png[39m[0m
[  38% ] [90m[1m_update_scan_actions[22m | lizard_m_run_anim_f2.png[39m[0m
[  38% ] [90m[1m_update_scan_actions[22m | lizard_m_run_anim_f3.png[39m[0m
[  38% ] [90m[1m_update_scan_actions[22m | masked_orc_idle_anim_f0.png[39m[0m
[  39% ] [90m[1m_update_scan_actions[22m | masked_orc_idle_anim_f1.png[39m[0m
[  39% ] [90m[1m_update_scan_actions[22m | masked_orc_idle_anim_f2.png[39m[0m
[  39% ] [90m[1m_update_scan_actions[22m | masked_orc_idle_anim_f3.png[39m[0m
[  39% ] [90m[1m_update_scan_actions[22m | masked_orc_run_anim_f0.png[39m[0m
[  39% ] [90m[1m_update_scan_actions[22m | masked_orc_run_anim_f1.png[39m[0m
[  40% ] [90m[1m_update_scan_actions[22m | masked_orc_run_anim_f2.png[39m[0m
[  40% ] [90m[1m_update_scan_actions[22m | masked_orc_run_anim_f3.png[39m[0m
[  40% ] [90m[1m_update_scan_actions[22m | muddy_anim_f0.png[39m[0m
[  40% ] [90m[1m_update_scan_actions[22m | muddy_anim_f1.png[39m[0m
[  41% ] [90m[1m_update_scan_actions[22m | muddy_anim_f2.png[39m[0m
[  41% ] [90m[1m_update_scan_actions[22m | muddy_anim_f3.png[39m[0m
[  41% ] [90m[1m_update_scan_actions[22m | necromancer_anim_f0.png[39m[0m
[  41% ] [90m[1m_update_scan_actions[22m | necromancer_anim_f1.png[39m[0m
[  41% ] [90m[1m_update_scan_actions[22m | necromancer_anim_f2.png[39m[0m
[  42% ] [90m[1m_update_scan_actions[22m | necromancer_anim_f3.png[39m[0m
[  42% ] [90m[1m_update_scan_actions[22m | ogre_idle_anim_f0.png[39m[0m
[  42% ] [90m[1m_update_scan_actions[22m | ogre_idle_anim_f1.png[39m[0m
[  42% ] [90m[1m_update_scan_actions[22m | ogre_idle_anim_f2.png[39m[0m
[  42% ] [90m[1m_update_scan_actions[22m | ogre_idle_anim_f3.png[39m[0m
[  43% ] [90m[1m_update_scan_actions[22m | ogre_run_anim_f0.png[39m[0m
[  43% ] [90m[1m_update_scan_actions[22m | ogre_run_anim_f1.png[39m[0m
[  43% ] [90m[1m_update_scan_actions[22m | ogre_run_anim_f2.png[39m[0m
[  43% ] [90m[1m_update_scan_actions[22m | ogre_run_anim_f3.png[39m[0m
[  43% ] [90m[1m_update_scan_actions[22m | orc_shaman_idle_anim_f0.png[39m[0m
[  44% ] [90m[1m_update_scan_actions[22m | orc_shaman_idle_anim_f1.png[39m[0m
[  44% ] [90m[1m_update_scan_actions[22m | orc_shaman_idle_anim_f2.png[39m[0m
[  44% ] [90m[1m_update_scan_actions[22m | orc_shaman_idle_anim_f3.png[39m[0m
[  44% ] [90m[1m_update_scan_actions[22m | orc_shaman_run_anim_f0.png[39m[0m
[  44% ] [90m[1m_update_scan_actions[22m | orc_shaman_run_anim_f1.png[39m[0m
[  45% ] [90m[1m_update_scan_actions[22m | orc_shaman_run_anim_f2.png[39m[0m
[  45% ] [90m[1m_update_scan_actions[22m | orc_shaman_run_anim_f3.png[39m[0m
[  45% ] [90m[1m_update_scan_actions[22m | orc_warrior_idle_anim_f0.png[39m[0m
[  45% ] [90m[1m_update_scan_actions[22m | orc_warrior_idle_anim_f1.png[39m[0m
[  46% ] [90m[1m_update_scan_actions[22m | orc_warrior_idle_anim_f2.png[39m[0m
[  46% ] [90m[1m_update_scan_actions[22m | orc_warrior_idle_anim_f3.png[39m[0m
[  46% ] [90m[1m_update_scan_actions[22m | orc_warrior_run_anim_f0.png[39m[0m
[  46% ] [90m[1m_update_scan_actions[22m | orc_warrior_run_anim_f1.png[39m[0m
[  46% ] [90m[1m_update_scan_actions[22m | orc_warrior_run_anim_f2.png[39m[0m
[  47% ] [90m[1m_update_scan_actions[22m | orc_warrior_run_anim_f3.png[39m[0m
[  47% ] [90m[1m_update_scan_actions[22m | pumpkin_dude_idle_anim_f0.png[39m[0m
[  47% ] [90m[1m_update_scan_actions[22m | pumpkin_dude_idle_anim_f1.png[39m[0m
[  47% ] [90m[1m_update_scan_actions[22m | pumpkin_dude_idle_anim_f2.png[39m[0m
[  47% ] [90m[1m_update_scan_actions[22m | pumpkin_dude_idle_anim_f3.png[39m[0m
[  48% ] [90m[1m_update_scan_actions[22m | pumpkin_dude_run_anim_f0.png[39m[0m
[  48% ] [90m[1m_update_scan_actions[22m | pumpkin_dude_run_anim_f1.png[39m[0m
[  48% ] [90m[1m_update_scan_actions[22m | pumpkin_dude_run_anim_f2.png[39m[0m
[  48% ] [90m[1m_update_scan_actions[22m | pumpkin_dude_run_anim_f3.png[39m[0m
[  48% ] [90m[1m_update_scan_actions[22m | skelet_idle_anim_f0.png[39m[0m
[  49% ] [90m[1m_update_scan_actions[22m | skelet_idle_anim_f1.png[39m[0m
[  49% ] [90m[1m_update_scan_actions[22m | skelet_idle_anim_f2.png[39m[0m
[  49% ] [90m[1m_update_scan_actions[22m | skelet_idle_anim_f3.png[39m[0m
[  49% ] [90m[1m_update_scan_actions[22m | skelet_run_anim_f0.png[39m[0m
[  50% ] [90m[1m_update_scan_actions[22m | skelet_run_anim_f1.png[39m[0m
[  50% ] [90m[1m_update_scan_actions[22m | skelet_run_anim_f2.png[39m[0m
[  50% ] [90m[1m_update_scan_actions[22m | skelet_run_anim_f3.png[39m[0m
[  50% ] [90m[1m_update_scan_actions[22m | skull.png[39m[0m
[  50% ] [90m[1m_update_scan_actions[22m | slug_anim_f0.png[39m[0m
[  51% ] [90m[1m_update_scan_actions[22m | slug_anim_f1.png[39m[0m
[  51% ] [90m[1m_update_scan_actions[22m | slug_anim_f2.png[39m[0m
[  51% ] [90m[1m_update_scan_actions[22m | slug_anim_f3.png[39m[0m
[  51% ] [90m[1m_update_scan_actions[22m | swampy_anim_f0.png[39m[0m
[  51% ] [90m[1m_update_scan_actions[22m | swampy_anim_f1.png[39m[0m
[  52% ] [90m[1m_update_scan_actions[22m | swampy_anim_f2.png[39m[0m
[  52% ] [90m[1m_update_scan_actions[22m | swampy_anim_f3.png[39m[0m
[  52% ] [90m[1m_update_scan_actions[22m | tiny_slug_anim_f0.png[39m[0m
[  52% ] [90m[1m_update_scan_actions[22m | tiny_slug_anim_f1.png[39m[0m
[  52% ] [90m[1m_update_scan_actions[22m | tiny_slug_anim_f2.png[39m[0m
[  53% ] [90m[1m_update_scan_actions[22m | tiny_slug_anim_f3.png[39m[0m
[  53% ] [90m[1m_update_scan_actions[22m | tiny_zombie_idle_anim_f0.png[39m[0m
[  53% ] [90m[1m_update_scan_actions[22m | tiny_zombie_idle_anim_f1.png[39m[0m
[  53% ] [90m[1m_update_scan_actions[22m | tiny_zombie_idle_anim_f2.png[39m[0m
[  53% ] [90m[1m_update_scan_actions[22m | tiny_zombie_idle_anim_f3.png[39m[0m
[  54% ] [90m[1m_update_scan_actions[22m | tiny_zombie_run_anim_f0.png[39m[0m
[  54% ] [90m[1m_update_scan_actions[22m | tiny_zombie_run_anim_f1.png[39m[0m
[  54% ] [90m[1m_update_scan_actions[22m | tiny_zombie_run_anim_f2.png[39m[0m
[  54% ] [90m[1m_update_scan_actions[22m | tiny_zombie_run_anim_f3.png[39m[0m
[  55% ] [90m[1m_update_scan_actions[22m | ui_heart_empty.png[39m[0m
[  55% ] [90m[1m_update_scan_actions[22m | ui_heart_full.png[39m[0m
[  55% ] [90m[1m_update_scan_actions[22m | ui_heart_half.png[39m[0m
[  55% ] [90m[1m_update_scan_actions[22m | wall_banner_blue.png[39m[0m
[  55% ] [90m[1m_update_scan_actions[22m | wall_banner_green.png[39m[0m
[  56% ] [90m[1m_update_scan_actions[22m | wall_banner_red.png[39m[0m
[  56% ] [90m[1m_update_scan_actions[22m | wall_banner_yellow.png[39m[0m
[  56% ] [90m[1m_update_scan_actions[22m | wall_edge_bottom_left.png[39m[0m
[  56% ] [90m[1m_update_scan_actions[22m | wall_edge_bottom_right.png[39m[0m
[  56% ] [90m[1m_update_scan_actions[22m | wall_edge_left.png[39m[0m
[  57% ] [90m[1m_update_scan_actions[22m | wall_edge_mid_left.png[39m[0m
[  57% ] [90m[1m_update_scan_actions[22m | wall_edge_mid_right.png[39m[0m
[  57% ] [90m[1m_update_scan_actions[22m | wall_edge_right.png[39m[0m
[  57% ] [90m[1m_update_scan_actions[22m | wall_edge_top_left.png[39m[0m
[  57% ] [90m[1m_update_scan_actions[22m | wall_edge_top_right.png[39m[0m
[  58% ] [90m[1m_update_scan_actions[22m | wall_edge_tshape_bottom_left.png[39m[0m
[  58% ] [90m[1m_update_scan_actions[22m | wall_edge_tshape_bottom_right.png[39m[0m
[  58% ] [90m[1m_update_scan_actions[22m | wall_edge_tshape_left.png[39m[0m
[  58% ] [90m[1m_update_scan_actions[22m | wall_edge_tshape_right.png[39m[0m
[  58% ] [90m[1m_update_scan_actions[22m | wall_fountain_basin_blue_anim_f0.png[39m[0m
[  59% ] [90m[1m_update_scan_actions[22m | wall_fountain_basin_blue_anim_f1.png[39m[0m
[  59% ] [90m[1m_update_scan_actions[22m | wall_fountain_basin_blue_anim_f2.png[39m[0m
[  59% ] [90m[1m_update_scan_actions[22m | wall_fountain_basin_red_anim_f0.png[39m[0m
[  59% ] [90m[1m_update_scan_actions[22m | wall_fountain_basin_red_anim_f1.png[39m[0m
[  60% ] [90m[1m_update_scan_actions[22m | wall_fountain_basin_red_anim_f2.png[39m[0m
[  60% ] [90m[1m_update_scan_actions[22m | wall_fountain_mid_blue_anim_f0.png[39m[0m
[  60% ] [90m[1m_update_scan_actions[22m | wall_fountain_mid_blue_anim_f1.png[39m[0m
[  60% ] [90m[1m_update_scan_actions[22m | wall_fountain_mid_blue_anim_f2.png[39m[0m
[  60% ] [90m[1m_update_scan_actions[22m | wall_fountain_mid_red_anim_f0.png[39m[0m
[  61% ] [90m[1m_update_scan_actions[22m | wall_fountain_mid_red_anim_f1.png[39m[0m
[  61% ] [90m[1m_update_scan_actions[22m | wall_fountain_mid_red_anim_f2.png[39m[0m
[  61% ] [90m[1m_update_scan_actions[22m | wall_fountain_top_1.png[39m[0m
[  61% ] [90m[1m_update_scan_actions[22m | wall_fountain_top_2.png[39m[0m
[  61% ] [90m[1m_update_scan_actions[22m | wall_fountain_top_3.png[39m[0m
[  62% ] [90m[1m_update_scan_actions[22m | wall_goo.png[39m[0m
[  62% ] [90m[1m_update_scan_actions[22m | wall_goo_base.png[39m[0m
[  62% ] [90m[1m_update_scan_actions[22m | wall_hole_1.png[39m[0m
[  62% ] [90m[1m_update_scan_actions[22m | wall_hole_2.png[39m[0m
[  62% ] [90m[1m_update_scan_actions[22m | wall_left.png[39m[0m
[  63% ] [90m[1m_update_scan_actions[22m | wall_mid.png[39m[0m
[  63% ] [90m[1m_update_scan_actions[22m | wall_outer_front_left.png[39m[0m
[  63% ] [90m[1m_update_scan_actions[22m | wall_outer_front_right.png[39m[0m
[  63% ] [90m[1m_update_scan_actions[22m | wall_outer_mid_left.png[39m[0m
[  64% ] [90m[1m_update_scan_actions[22m | wall_outer_mid_right.png[39m[0m
[  64% ] [90m[1m_update_scan_actions[22m | wall_outer_top_left.png[39m[0m
[  64% ] [90m[1m_update_scan_actions[22m | wall_outer_top_right.png[39m[0m
[  64% ] [90m[1m_update_scan_actions[22m | wall_right.png[39m[0m
[  64% ] [90m[1m_update_scan_actions[22m | wall_top_left.png[39m[0m
[  65% ] [90m[1m_update_scan_actions[22m | wall_top_mid.png[39m[0m
[  65% ] [90m[1m_update_scan_actions[22m | wall_top_right.png[39m[0m
[  65% ] [90m[1m_update_scan_actions[22m | weapon_anime_sword.png[39m[0m
[  65% ] [90m[1m_update_scan_actions[22m | weapon_arrow.png[39m[0m
[  65% ] [90m[1m_update_scan_actions[22m | weapon_axe.png[39m[0m
[  66% ] [90m[1m_update_scan_actions[22m | weapon_baton_with_spikes.png[39m[0m
[  66% ] [90m[1m_update_scan_actions[22m | weapon_big_hammer.png[39m[0m
[  66% ] [90m[1m_update_scan_actions[22m | weapon_bow.png[39m[0m
[  66% ] [90m[1m_update_scan_actions[22m | weapon_bow_2.png[39m[0m
[  66% ] [90m[1m_update_scan_actions[22m | weapon_cleaver.png[39m[0m
[  67% ] [90m[1m_update_scan_actions[22m | weapon_double_axe.png[39m[0m
[  67% ] [90m[1m_update_scan_actions[22m | weapon_duel_sword.png[39m[0m
[  67% ] [90m[1m_update_scan_actions[22m | weapon_golden_sword.png[39m[0m
[  67% ] [90m[1m_update_scan_actions[22m | weapon_green_magic_staff.png[39m[0m
[  67% ] [90m[1m_update_scan_actions[22m | weapon_hammer.png[39m[0m
[  68% ] [90m[1m_update_scan_actions[22m | weapon_katana.png[39m[0m
[  68% ] [90m[1m_update_scan_actions[22m | weapon_knife.png[39m[0m
[  68% ] [90m[1m_update_scan_actions[22m | weapon_knight_sword.png[39m[0m
[  68% ] [90m[1m_update_scan_actions[22m | weapon_lavish_sword.png[39m[0m
[  69% ] [90m[1m_update_scan_actions[22m | weapon_mace.png[39m[0m
[  69% ] [90m[1m_update_scan_actions[22m | weapon_machete.png[39m[0m
[  69% ] [90m[1m_update_scan_actions[22m | weapon_red_gem_sword.png[39m[0m
[  69% ] [90m[1m_update_scan_actions[22m | weapon_red_magic_staff.png[39m[0m
[  69% ] [90m[1m_update_scan_actions[22m | weapon_regular_sword.png[39m[0m
[  70% ] [90m[1m_update_scan_actions[22m | weapon_rusty_sword.png[39m[0m
[  70% ] [90m[1m_update_scan_actions[22m | weapon_saw_sword.png[39m[0m
[  70% ] [90m[1m_update_scan_actions[22m | weapon_spear.png[39m[0m
[  70% ] [90m[1m_update_scan_actions[22m | weapon_throwing_axe.png[39m[0m
[  70% ] [90m[1m_update_scan_actions[22m | weapon_waraxe.png[39m[0m
[  71% ] [90m[1m_update_scan_actions[22m | wizzard_f_hit_anim_f0.png[39m[0m
[  71% ] [90m[1m_update_scan_actions[22m | wizzard_f_idle_anim_f0.png[39m[0m
[  71% ] [90m[1m_update_scan_actions[22m | wizzard_f_idle_anim_f1.png[39m[0m
[  71% ] [90m[1m_update_scan_actions[22m | wizzard_f_idle_anim_f2.png[39m[0m
[  71% ] [90m[1m_update_scan_actions[22m | wizzard_f_idle_anim_f3.png[39m[0m
[  72% ] [90m[1m_update_scan_actions[22m | wizzard_f_run_anim_f0.png[39m[0m
[  72% ] [90m[1m_update_scan_actions[22m | wizzard_f_run_anim_f1.png[39m[0m
[  72% ] [90m[1m_update_scan_actions[22m | wizzard_f_run_anim_f2.png[39m[0m
[  72% ] [90m[1m_update_scan_actions[22m | wizzard_f_run_anim_f3.png[39m[0m
[  73% ] [90m[1m_update_scan_actions[22m | wizzard_m_hit_anim_f0.png[39m[0m
[  73% ] [90m[1m_update_scan_actions[22m | wizzard_m_idle_anim_f0.png[39m[0m
[  73% ] [90m[1m_update_scan_actions[22m | wizzard_m_idle_anim_f1.png[39m[0m
[  73% ] [90m[1m_update_scan_actions[22m | wizzard_m_idle_anim_f2.png[39m[0m
[  73% ] [90m[1m_update_scan_actions[22m | wizzard_m_idle_anim_f3.png[39m[0m
[  74% ] [90m[1m_update_scan_actions[22m | wizzard_m_run_anim_f0.png[39m[0m
[  74% ] [90m[1m_update_scan_actions[22m | wizzard_m_run_anim_f1.png[39m[0m
[  74% ] [90m[1m_update_scan_actions[22m | wizzard_m_run_anim_f2.png[39m[0m
[  74% ] [90m[1m_update_scan_actions[22m | wizzard_m_run_anim_f3.png[39m[0m
[  74% ] [90m[1m_update_scan_actions[22m | wogol_idle_anim_f0.png[39m[0m
[  75% ] [90m[1m_update_scan_actions[22m | wogol_idle_anim_f1.png[39m[0m
[  75% ] [90m[1m_update_scan_actions[22m | wogol_idle_anim_f2.png[39m[0m
[  75% ] [90m[1m_update_scan_actions[22m | wogol_idle_anim_f3.png[39m[0m
[  75% ] [90m[1m_update_scan_actions[22m | wogol_run_anim_f0.png[39m[0m
[  75% ] [90m[1m_update_scan_actions[22m | wogol_run_anim_f1.png[39m[0m
[  76% ] [90m[1m_update_scan_actions[22m | wogol_run_anim_f2.png[39m[0m
[  76% ] [90m[1m_update_scan_actions[22m | wogol_run_anim_f3.png[39m[0m
[  76% ] [90m[1m_update_scan_actions[22m | zombie_anim_f1.png[39m[0m
[  76% ] [90m[1m_update_scan_actions[22m | zombie_anim_f2.png[39m[0m
[  76% ] [90m[1m_update_scan_actions[22m | zombie_anim_f3.png[39m[0m
[  77% ] [90m[1m_update_scan_actions[22m | zombie_anim_f10.png[39m[0m
[  77% ] [90m[1m_update_scan_actions[22m | 0x72_DungeonTilesetII_v1.7.png[39m[0m
[  77% ] [90m[1m_update_scan_actions[22m | atlas_floor-16x16.png[39m[0m
[  77% ] [90m[1m_update_scan_actions[22m | atlas_walls_high-16x32.png[39m[0m
[  78% ] [90m[1m_update_scan_actions[22m | atlas_walls_low-16x16.png[39m[0m
[  78% ] [90m[1m_update_scan_actions[22m | roguelikeChar_magenta.png[39m[0m
[  78% ] [90m[1m_update_scan_actions[22m | roguelikeChar_transparent.png[39m[0m
[  78% ] [90m[1m_update_scan_actions[22m | Preview.png[39m[0m
[  78% ] [90m[1m_update_scan_actions[22m | Sample.png[39m[0m
[  79% ] [90m[1m_update_scan_actions[22m | hurt.png[39m[0m
[  79% ] [90m[1m_update_scan_actions[22m | shoot.png[39m[0m
[  79% ] [90m[1m_update_scan_actions[22m | slash.png[39m[0m
[  79% ] [90m[1m_update_scan_actions[22m | spellcast.png[39m[0m
[  79% ] [90m[1m_update_scan_actions[22m | walk.png[39m[0m
[  80% ] [90m[1m_update_scan_actions[22m | hurt.png[39m[0m
[  80% ] [90m[1m_update_scan_actions[22m | shoot.png[39m[0m
[  80% ] [90m[1m_update_scan_actions[22m | slash.png[39m[0m
[  80% ] [90m[1m_update_scan_actions[22m | spellcast.png[39m[0m
[  80% ] [90m[1m_update_scan_actions[22m | walk.png[39m[0m
[  81% ] [90m[1m_update_scan_actions[22m | hurt.png[39m[0m
[  81% ] [90m[1m_update_scan_actions[22m | shoot.png[39m[0m
[  81% ] [90m[1m_update_scan_actions[22m | slash.png[39m[0m
[  81% ] [90m[1m_update_scan_actions[22m | spellcast.png[39m[0m
[  82% ] [90m[1m_update_scan_actions[22m | walk.png[39m[0m
[  82% ] [90m[1m_update_scan_actions[22m | hurt.png[39m[0m
[  82% ] [90m[1m_update_scan_actions[22m | shoot.png[39m[0m
[  82% ] [90m[1m_update_scan_actions[22m | slash.png[39m[0m
[  82% ] [90m[1m_update_scan_actions[22m | spellcast.png[39m[0m
[  83% ] [90m[1m_update_scan_actions[22m | walk.png[39m[0m
[  83% ] [90m[1m_update_scan_actions[22m | purple.png[39m[0m
[  83% ] [90m[1m_update_scan_actions[22m | purple.png[39m[0m
[  83% ] [90m[1m_update_scan_actions[22m | purple.png[39m[0m
[  83% ] [90m[1m_update_scan_actions[22m | purple.png[39m[0m
[  84% ] [90m[1m_update_scan_actions[22m | purple.png[39m[0m
[  84% ] [90m[1m_update_scan_actions[22m | hurt.png[39m[0m
[  84% ] [90m[1m_update_scan_actions[22m | shoot.png[39m[0m
[  84% ] [90m[1m_update_scan_actions[22m | slash.png[39m[0m
[  84% ] [90m[1m_update_scan_actions[22m | spellcast.png[39m[0m
[  85% ] [90m[1m_update_scan_actions[22m | walk.png[39m[0m
[  85% ] [90m[1m_update_scan_actions[22m | hurt.png[39m[0m
[  85% ] [90m[1m_update_scan_actions[22m | shoot.png[39m[0m
[  85% ] [90m[1m_update_scan_actions[22m | slash.png[39m[0m
[  85% ] [90m[1m_update_scan_actions[22m | spellcast.png[39m[0m
[  86% ] [90m[1m_update_scan_actions[22m | walk.png[39m[0m
[  86% ] [90m[1m_update_scan_actions[22m | hurt.png[39m[0m
[  86% ] [90m[1m_update_scan_actions[22m | shoot.png[39m[0m
[  86% ] [90m[1m_update_scan_actions[22m | slash.png[39m[0m
[  87% ] [90m[1m_update_scan_actions[22m | spellcast.png[39m[0m
[  87% ] [90m[1m_update_scan_actions[22m | walk.png[39m[0m
[  87% ] [90m[1m_update_scan_actions[22m | hurt.png[39m[0m
[  87% ] [90m[1m_update_scan_actions[22m | shoot.png[39m[0m
[  87% ] [90m[1m_update_scan_actions[22m | slash.png[39m[0m
[  88% ] [90m[1m_update_scan_actions[22m | spellcast.png[39m[0m
[  88% ] [90m[1m_update_scan_actions[22m | walk.png[39m[0m
[  88% ] [90m[1m_update_scan_actions[22m | purple.png[39m[0m
[  88% ] [90m[1m_update_scan_actions[22m | purple.png[39m[0m
[  88% ] [90m[1m_update_scan_actions[22m | purple.png[39m[0m
[  89% ] [90m[1m_update_scan_actions[22m | purple.png[39m[0m
[  89% ] [90m[1m_update_scan_actions[22m | purple.png[39m[0m
[  89% ] [90m[1m_update_scan_actions[22m | cane.png[39m[0m
[  89% ] [90m[1m_update_scan_actions[22m | shoot.png[39m[0m
[  89% ] [90m[1m_update_scan_actions[22m | shoot.png[39m[0m
[  90% ] [90m[1m_update_scan_actions[22m | longsword.png[39m[0m
[  90% ] [90m[1m_update_scan_actions[22m | longsword.png[39m[0m
[  90% ] [90m[1m_update_scan_actions[22m | blonde2.png[39m[0m
[  90% ] [90m[1m_update_scan_actions[22m | blonde3.png[39m[0m
[  91% ] [90m[1m_update_scan_actions[22m | blonde4.png[39m[0m
[  91% ] [90m[1m_update_scan_actions[22m | blonde.png[39m[0m
[  91% ] [90m[1m_update_scan_actions[22m | Slash_Cyan.png[39m[0m
[  91% ] [90m[1m_update_scan_actions[22m | Slash_Magenta.png[39m[0m
[  91% ] [90m[1m_update_scan_actions[22m | Slash_Orange.png[39m[0m
[  92% ] [90m[1m_update_scan_actions[22m | Slash_Red.png[39m[0m
[  92% ] [90m[1m_update_scan_actions[22m | Slash_White.png[39m[0m
[  92% ] [90m[1m_update_scan_actions[22m | Slash_Yellow.png[39m[0m
[  92% ] [90m[1m_update_scan_actions[22m | 1haxe.png[39m[0m
[  92% ] [90m[1m_update_scan_actions[22m | 1hhammer.png[39m[0m
[  93% ] [90m[1m_update_scan_actions[22m | 1hmace.png[39m[0m
[  93% ] [90m[1m_update_scan_actions[22m | chainhelm.png[39m[0m
[  93% ] [90m[1m_update_scan_actions[22m | Chainmail.png[39m[0m
[  93% ] [90m[1m_update_scan_actions[22m | doubleaxe.png[39m[0m
[  93% ] [90m[1m_update_scan_actions[22m | hammer.png[39m[0m
[  94% ] [90m[1m_update_scan_actions[22m | helmet.png[39m[0m
[  94% ] [90m[1m_update_scan_actions[22m | leatherchest.png[39m[0m
[  94% ] [90m[1m_update_scan_actions[22m | leatherhood2.png[39m[0m
[  94% ] [90m[1m_update_scan_actions[22m | leatherhood.png[39m[0m
[  94% ] [90m[1m_update_scan_actions[22m | leatherpants.png[39m[0m
[  95% ] [90m[1m_update_scan_actions[22m | mask.png[39m[0m
[  95% ] [90m[1m_update_scan_actions[22m | Shield.png[39m[0m
[  95% ] [90m[1m_update_scan_actions[22m | steelchest.png[39m[0m
[  95% ] [90m[1m_update_scan_actions[22m | steelgloves.png[39m[0m
[  96% ] [90m[1m_update_scan_actions[22m | steelgreathelm.png[39m[0m
[  96% ] [90m[1m_update_scan_actions[22m | steelpants.png[39m[0m
[  96% ] [90m[1m_update_scan_actions[22m | steelsword.png[39m[0m
[  96% ] [90m[1m_update_scan_actions[22m | strawhat.png[39m[0m
[  96% ] [90m[1m_update_scan_actions[22m | Sword.png[39m[0m
[  97% ] [90m[1m_update_scan_actions[22m | towershieldsteel.png[39m[0m
[  97% ] [90m[1m_update_scan_actions[22m | wizardhat.png[39m[0m
[  97% ] [90m[1m_update_scan_actions[22m | Bone.png[39m[0m
[  97% ] [90m[1m_update_scan_actions[22m | ZombieHead.png[39m[0m
[  97% ] [90m[1m_update_scan_actions[22m | Eyeball.png[39m[0m
[  98% ] [90m[1m_update_scan_actions[22m | Ghost.png[39m[0m
[  98% ] [90m[1m_update_scan_actions[22m | goblin.png[39m[0m
[  98% ] [90m[1m_update_scan_actions[22m | golem.png[39m[0m
[  98% ] [90m[1m_update_scan_actions[22m | Skeleton.png[39m[0m
[  98% ] [90m[1m_update_scan_actions[22m | spider.png[39m[0m
[  99% ] [90m[1m_update_scan_actions[22m | Zombie.png[39m[0m
[  99% ] [90m[1m_update_scan_actions[22m | Chest.png[39m[0m
[  99% ] [90m[1m_update_scan_actions[22m | Character.png[39m[0m
[92m[ DONE ][39m [1m_update_scan_actions[22m
[0m
[   0% ] [90m[1mloading_editor_layout[22m | Started Loading editor (5 steps)[39m[0m
[   0% ] [90m[1mloading_editor_layout[22m | Loading editor layout...[39m[0m
[  16% ] [90m[1mloading_editor_layout[22m | Loading docks...[39m[0m
[92m[ DONE ][39m [1mloading_editor_layout[22m
[0m
