Godot Engine v4.6.3.stable.official.7d41c59c4 - https://godotengine.org

[   0% ] [90m[1mfirst_scan_filesystem[22m | Started Project initialization (5 steps)[39m[0m
[   0% ] [90m[1mfirst_scan_filesystem[22m | Scanning file structure...[39m[0m
[  16% ] [90m[1mfirst_scan_filesystem[22m | Loading global class names...[39m[0m
[  33% ] [90m[1mfirst_scan_filesystem[22m | Verifying GDExtensions...[39m[0m
[  50% ] [90m[1mfirst_scan_filesystem[22m | Creating autoload scripts...[39m[0m
[  66% ] [90m[1mfirst_scan_filesystem[22m | Initializing plugins...[39m[0m
[  83% ] [90m[1mfirst_scan_filesystem[22m | Starting file scan...[39m[0m
[92m[ DONE ][39m [1mfirst_scan_filesystem[22m
[0m
WARNING: Missing .uid file for path "res://scripts/debug/map_renderer/atlas_frame_layer.gd". The file was re-created from cache.
     at: _process_file_system (editor/file_system/editor_file_system.cpp:1374)
WARNING: Missing .uid file for path "res://scripts/debug/map_renderer/label_layer.gd". The file was re-created from cache.
     at: _process_file_system (editor/file_system/editor_file_system.cpp:1374)
WARNING: Missing .uid file for path "res://scripts/debug/map_renderer/landmark_layer.gd". The file was re-created from cache.
     at: _process_file_system (editor/file_system/editor_file_system.cpp:1374)
WARNING: Missing .uid file for path "res://scripts/debug/map_renderer/legend_icon_white.gdshader". The file was re-created from cache.
     at: _process_file_system (editor/file_system/editor_file_system.cpp:1374)
WARNING: Missing .uid file for path "res://scripts/debug/map_renderer/line_layers.gd". The file was re-created from cache.
     at: _process_file_system (editor/file_system/editor_file_system.cpp:1374)
WARNING: Missing .uid file for path "res://scripts/debug/map_renderer/map_icon_provider.gd". The file was re-created from cache.
     at: _process_file_system (editor/file_system/editor_file_system.cpp:1374)
WARNING: Missing .uid file for path "res://scripts/debug/map_renderer/map_layer.gd". The file was re-created from cache.
     at: _process_file_system (editor/file_system/editor_file_system.cpp:1374)
WARNING: Missing .uid file for path "res://scripts/debug/map_renderer/map_render_baker.gd". The file was re-created from cache.
     at: _process_file_system (editor/file_system/editor_file_system.cpp:1374)
WARNING: Missing .uid file for path "res://scripts/debug/map_renderer/map_render_model.gd". The file was re-created from cache.
     at: _process_file_system (editor/file_system/editor_file_system.cpp:1374)
WARNING: Missing .uid file for path "res://scripts/debug/map_renderer/map_world_text.gd". The file was re-created from cache.
     at: _process_file_system (editor/file_system/editor_file_system.cpp:1374)
WARNING: Missing .uid file for path "res://scripts/debug/map_renderer/political_layer.gd". The file was re-created from cache.
     at: _process_file_system (editor/file_system/editor_file_system.cpp:1374)
WARNING: Missing .uid file for path "res://scripts/debug/map_renderer/selection_layer.gd". The file was re-created from cache.
     at: _process_file_system (editor/file_system/editor_file_system.cpp:1374)
WARNING: Missing .uid file for path "res://scripts/debug/map_renderer/settlement_layer.gd". The file was re-created from cache.
     at: _process_file_system (editor/file_system/editor_file_system.cpp:1374)
WARNING: Missing .uid file for path "res://scripts/debug/map_renderer/svg_sidecar_layer.gd". The file was re-created from cache.
     at: _process_file_system (editor/file_system/editor_file_system.cpp:1374)
WARNING: Missing .uid file for path "res://scripts/debug/map_renderer/terrain_layer.gd". The file was re-created from cache.
     at: _process_file_system (editor/file_system/editor_file_system.cpp:1374)
WARNING: Missing .uid file for path "res://scripts/debug/map_renderer/wilderness_layer.gd". The file was re-created from cache.
     at: _process_file_system (editor/file_system/editor_file_system.cpp:1374)
WARNING: Missing .uid file for path "res://scripts/debug/map_renderer/world_fixture_loader.gd". The file was re-created from cache.
     at: _process_file_system (editor/file_system/editor_file_system.cpp:1374)
WARNING: Missing .uid file for path "res://scripts/debug/constrained_region_preview.gd". The file was re-created from cache.
     at: _process_file_system (editor/file_system/editor_file_system.cpp:1374)
WARNING: Missing .uid file for path "res://scripts/debug/local_region_v1.gd". The file was re-created from cache.
     at: _process_file_system (editor/file_system/editor_file_system.cpp:1374)
WARNING: Missing .uid file for path "res://scripts/debug/map_landmark_key.gd". The file was re-created from cache.
     at: _process_file_system (editor/file_system/editor_file_system.cpp:1374)
WARNING: Missing .uid file for path "res://scripts/debug/world_fixture_renderer.gd". The file was re-created from cache.
     at: _process_file_system (editor/file_system/editor_file_system.cpp:1374)
WARNING: Missing .uid file for path "res://scripts/debug/world_fixture_viewer.gd". The file was re-created from cache.
     at: _process_file_system (editor/file_system/editor_file_system.cpp:1374)
WARNING: Missing .uid file for path "res://scripts/expedition/expedition_map.gd". The file was re-created from cache.
     at: _process_file_system (editor/file_system/editor_file_system.cpp:1374)
WARNING: Missing .uid file for path "res://scripts/expedition/expedition_records.gd". The file was re-created from cache.
     at: _process_file_system (editor/file_system/editor_file_system.cpp:1374)
WARNING: Missing .uid file for path "res://scripts/expedition/expedition_service.gd". The file was re-created from cache.
     at: _process_file_system (editor/file_system/editor_file_system.cpp:1374)
WARNING: Missing .uid file for path "res://scripts/game_world/game_playthrough_store.gd". The file was re-created from cache.
     at: _process_file_system (editor/file_system/editor_file_system.cpp:1374)
WARNING: Missing .uid file for path "res://scripts/game_world/game_world_template.gd". The file was re-created from cache.
     at: _process_file_system (editor/file_system/editor_file_system.cpp:1374)
WARNING: Missing .uid file for path "res://scripts/intro/intro_card_loader.gd". The file was re-created from cache.
     at: _process_file_system (editor/file_system/editor_file_system.cpp:1374)
WARNING: Missing .uid file for path "res://scripts/intro/intro_card_view.gd". The file was re-created from cache.
     at: _process_file_system (editor/file_system/editor_file_system.cpp:1374)
WARNING: Missing .uid file for path "res://scripts/intro/intro_sequence.gd". The file was re-created from cache.
     at: _process_file_system (editor/file_system/editor_file_system.cpp:1374)
WARNING: Missing .uid file for path "res://scripts/origin_context/origin_context.gd". The file was re-created from cache.
     at: _process_file_system (editor/file_system/editor_file_system.cpp:1374)
WARNING: Missing .uid file for path "res://scripts/party/party_records.gd". The file was re-created from cache.
     at: _process_file_system (editor/file_system/editor_file_system.cpp:1374)
WARNING: Missing .uid file for path "res://scripts/party/party_service.gd". The file was re-created from cache.
     at: _process_file_system (editor/file_system/editor_file_system.cpp:1374)
WARNING: Missing .uid file for path "res://scripts/party/world_peoples.gd". The file was re-created from cache.
     at: _process_file_system (editor/file_system/editor_file_system.cpp:1374)
WARNING: Missing .uid file for path "res://scripts/rules/rules_character.gd". The file was re-created from cache.
     at: _process_file_system (editor/file_system/editor_file_system.cpp:1374)
WARNING: Missing .uid file for path "res://scripts/rules/rules_expressions.gd". The file was re-created from cache.
     at: _process_file_system (editor/file_system/editor_file_system.cpp:1374)
WARNING: Missing .uid file for path "res://scripts/rules/rules_hooks.gd". The file was re-created from cache.
     at: _process_file_system (editor/file_system/editor_file_system.cpp:1374)
WARNING: Missing .uid file for path "res://scripts/rules/rules_json.gd". The file was re-created from cache.
     at: _process_file_system (editor/file_system/editor_file_system.cpp:1374)
WARNING: Missing .uid file for path "res://scripts/rules/rules_modifiers.gd". The file was re-created from cache.
     at: _process_file_system (editor/file_system/editor_file_system.cpp:1374)
WARNING: Missing .uid file for path "res://scripts/rules/rules_records.gd". The file was re-created from cache.
     at: _process_file_system (editor/file_system/editor_file_system.cpp:1374)
WARNING: Missing .uid file for path "res://scripts/rules/rules_rng.gd". The file was re-created from cache.
     at: _process_file_system (editor/file_system/editor_file_system.cpp:1374)
WARNING: Missing .uid file for path "res://scripts/rules/rules_service.gd". The file was re-created from cache.
     at: _process_file_system (editor/file_system/editor_file_system.cpp:1374)
WARNING: Missing .uid file for path "res://scripts/ui/components/choice_row.gd". The file was re-created from cache.
     at: _process_file_system (editor/file_system/editor_file_system.cpp:1374)
WARNING: Missing .uid file for path "res://scripts/ui/components/game_ui.gd". The file was re-created from cache.
     at: _process_file_system (editor/file_system/editor_file_system.cpp:1374)
WARNING: Missing .uid file for path "res://scripts/ui/components/local_map_art.gd". The file was re-created from cache.
     at: _process_file_system (editor/file_system/editor_file_system.cpp:1374)
WARNING: Missing .uid file for path "res://scripts/ui/components/responsive_canvas.gd". The file was re-created from cache.
     at: _process_file_system (editor/file_system/editor_file_system.cpp:1374)
WARNING: Missing .uid file for path "res://scripts/ui/components/site_marker.gd". The file was re-created from cache.
     at: _process_file_system (editor/file_system/editor_file_system.cpp:1374)
WARNING: Missing .uid file for path "res://scripts/ui/expedition.gd". The file was re-created from cache.
     at: _process_file_system (editor/file_system/editor_file_system.cpp:1374)
WARNING: Missing .uid file for path "res://scripts/ui/main_menu.gd". The file was re-created from cache.
     at: _process_file_system (editor/file_system/editor_file_system.cpp:1374)
WARNING: Missing .uid file for path "res://scripts/ui/new_game_origin.gd". The file was re-created from cache.
     at: _process_file_system (editor/file_system/editor_file_system.cpp:1374)
WARNING: Missing .uid file for path "res://scripts/ui/new_game_placeholder.gd". The file was re-created from cache.
     at: _process_file_system (editor/file_system/editor_file_system.cpp:1374)
WARNING: Missing .uid file for path "res://scripts/ui/origin_map_preview.gd". The file was re-created from cache.
     at: _process_file_system (editor/file_system/editor_file_system.cpp:1374)
WARNING: Missing .uid file for path "res://scripts/ui/party_creation.gd". The file was re-created from cache.
     at: _process_file_system (editor/file_system/editor_file_system.cpp:1374)
WARNING: Missing .uid file for path "res://scripts/ui/settings_menu.gd". The file was re-created from cache.
     at: _process_file_system (editor/file_system/editor_file_system.cpp:1374)
WARNING: Missing .uid file for path "res://scripts/world_enrichment/immutable_validation_cache.gd". The file was re-created from cache.
     at: _process_file_system (editor/file_system/editor_file_system.cpp:1374)
WARNING: Missing .uid file for path "res://scripts/world_enrichment/origin_lore.gd". The file was re-created from cache.
     at: _process_file_system (editor/file_system/editor_file_system.cpp:1374)
WARNING: Missing .uid file for path "res://scripts/world_enrichment/origin_profiles.gd". The file was re-created from cache.
     at: _process_file_system (editor/file_system/editor_file_system.cpp:1374)
WARNING: Missing .uid file for path "res://scripts/world_library/world_library.gd". The file was re-created from cache.
     at: _process_file_system (editor/file_system/editor_file_system.cpp:1374)
WARNING: Missing .uid file for path "res://tests/expedition/benchmark.gd". The file was re-created from cache.
     at: _process_file_system (editor/file_system/editor_file_system.cpp:1374)
WARNING: Missing .uid file for path "res://tests/expedition/cache-integrity.gd". The file was re-created from cache.
     at: _process_file_system (editor/file_system/editor_file_system.cpp:1374)
WARNING: Missing .uid file for path "res://tests/expedition/capture-flow.gd". The file was re-created from cache.
     at: _process_file_system (editor/file_system/editor_file_system.cpp:1374)
WARNING: Missing .uid file for path "res://tests/expedition/failures.gd". The file was re-created from cache.
     at: _process_file_system (editor/file_system/editor_file_system.cpp:1374)
WARNING: Missing .uid file for path "res://tests/expedition/lifecycle.gd". The file was re-created from cache.
     at: _process_file_system (editor/file_system/editor_file_system.cpp:1374)
WARNING: Missing .uid file for path "res://tests/expedition/outcome-corpus.gd". The file was re-created from cache.
     at: _process_file_system (editor/file_system/editor_file_system.cpp:1374)
WARNING: Missing .uid file for path "res://tests/expedition/verify-distribution.gd". The file was re-created from cache.
     at: _process_file_system (editor/file_system/editor_file_system.cpp:1374)
WARNING: Missing .uid file for path "res://tests/game_world/smoke-game-world.gd". The file was re-created from cache.
     at: _process_file_system (editor/file_system/editor_file_system.cpp:1374)
WARNING: Missing .uid file for path "res://tests/onboarding/bake-previews.gd". The file was re-created from cache.
     at: _process_file_system (editor/file_system/editor_file_system.cpp:1374)
WARNING: Missing .uid file for path "res://tests/onboarding/capture-flow.gd". The file was re-created from cache.
     at: _process_file_system (editor/file_system/editor_file_system.cpp:1374)
WARNING: Missing .uid file for path "res://tests/onboarding/verify-origin.gd". The file was re-created from cache.
     at: _process_file_system (editor/file_system/editor_file_system.cpp:1374)
WARNING: Missing .uid file for path "res://tests/onboarding/verify-reload-failure.gd". The file was re-created from cache.
     at: _process_file_system (editor/file_system/editor_file_system.cpp:1374)
WARNING: Missing .uid file for path "res://tests/origin_context/capture-context.gd". The file was re-created from cache.
     at: _process_file_system (editor/file_system/editor_file_system.cpp:1374)
WARNING: Missing .uid file for path "res://tests/origin_context/verify-context.gd". The file was re-created from cache.
     at: _process_file_system (editor/file_system/editor_file_system.cpp:1374)
WARNING: Missing .uid file for path "res://tests/origin_profiles/capture-profiles.gd". The file was re-created from cache.
     at: _process_file_system (editor/file_system/editor_file_system.cpp:1374)
WARNING: Missing .uid file for path "res://tests/origin_profiles/verify-distribution.gd". The file was re-created from cache.
     at: _process_file_system (editor/file_system/editor_file_system.cpp:1374)
WARNING: Missing .uid file for path "res://tests/origin_profiles/verify-postwrite.gd". The file was re-created from cache.
     at: _process_file_system (editor/file_system/editor_file_system.cpp:1374)
WARNING: Missing .uid file for path "res://tests/origin_profiles/verify-presets.gd". The file was re-created from cache.
     at: _process_file_system (editor/file_system/editor_file_system.cpp:1374)
WARNING: Missing .uid file for path "res://tests/origin_profiles/verify-worlds.gd". The file was re-created from cache.
     at: _process_file_system (editor/file_system/editor_file_system.cpp:1374)
WARNING: Missing .uid file for path "res://tests/party/capture-flow.gd". The file was re-created from cache.
     at: _process_file_system (editor/file_system/editor_file_system.cpp:1374)
WARNING: Missing .uid file for path "res://tests/party/capture-smoke.gd". The file was re-created from cache.
     at: _process_file_system (editor/file_system/editor_file_system.cpp:1374)
WARNING: Missing .uid file for path "res://tests/party/failures.gd". The file was re-created from cache.
     at: _process_file_system (editor/file_system/editor_file_system.cpp:1374)
WARNING: Missing .uid file for path "res://tests/party/lifecycle.gd". The file was re-created from cache.
     at: _process_file_system (editor/file_system/editor_file_system.cpp:1374)
WARNING: Missing .uid file for path "res://tests/party/reader-failures.gd". The file was re-created from cache.
     at: _process_file_system (editor/file_system/editor_file_system.cpp:1374)
WARNING: Missing .uid file for path "res://tests/party/smoke-party.gd". The file was re-created from cache.
     at: _process_file_system (editor/file_system/editor_file_system.cpp:1374)
WARNING: Missing .uid file for path "res://tests/party/verify-distribution.gd". The file was re-created from cache.
     at: _process_file_system (editor/file_system/editor_file_system.cpp:1374)
WARNING: Missing .uid file for path "res://tests/regiongen/capture-v1.gd". The file was re-created from cache.
     at: _process_file_system (editor/file_system/editor_file_system.cpp:1374)
WARNING: Missing .uid file for path "res://tests/regiongen/smoke-v1.gd". The file was re-created from cache.
     at: _process_file_system (editor/file_system/editor_file_system.cpp:1374)
WARNING: Missing .uid file for path "res://tests/rules/migration.gd". The file was re-created from cache.
     at: _process_file_system (editor/file_system/editor_file_system.cpp:1374)
WARNING: Missing .uid file for path "res://tests/ui_system/back-navigation.gd". The file was re-created from cache.
     at: _process_file_system (editor/file_system/editor_file_system.cpp:1374)
WARNING: Missing .uid file for path "res://tests/ui_system/capture-expedition.gd". The file was re-created from cache.
     at: _process_file_system (editor/file_system/editor_file_system.cpp:1374)
WARNING: Missing .uid file for path "res://tests/ui_system/capture-origin.gd". The file was re-created from cache.
     at: _process_file_system (editor/file_system/editor_file_system.cpp:1374)
WARNING: Missing .uid file for path "res://tests/ui_system/list-visibility.gd". The file was re-created from cache.
     at: _process_file_system (editor/file_system/editor_file_system.cpp:1374)
WARNING: Missing .uid file for path "res://tests/ui_system/presentation.gd". The file was re-created from cache.
     at: _process_file_system (editor/file_system/editor_file_system.cpp:1374)
WARNING: Missing .uid file for path "res://tests/worldgen/smoke-landmark-inspection.gd". The file was re-created from cache.
     at: _process_file_system (editor/file_system/editor_file_system.cpp:1374)
WARNING: Missing .uid file for path "res://tests/worldgen/smoke-landmark-key.gd". The file was re-created from cache.
     at: _process_file_system (editor/file_system/editor_file_system.cpp:1374)
WARNING: Missing .uid file for path "res://tests/world_enrichment/capture-origin.gd". The file was re-created from cache.
     at: _process_file_system (editor/file_system/editor_file_system.cpp:1374)
WARNING: Missing .uid file for path "res://tests/world_enrichment/verify-lifecycle.gd". The file was re-created from cache.
     at: _process_file_system (editor/file_system/editor_file_system.cpp:1374)
WARNING: Missing .uid file for path "res://tests/world_enrichment/verify-reload.gd". The file was re-created from cache.
     at: _process_file_system (editor/file_system/editor_file_system.cpp:1374)
WARNING: Missing .uid file for path "res://tests/world_library/capture-library.gd". The file was re-created from cache.
     at: _process_file_system (editor/file_system/editor_file_system.cpp:1374)
WARNING: Missing .uid file for path "res://tests/world_library/verify-library.gd". The file was re-created from cache.
     at: _process_file_system (editor/file_system/editor_file_system.cpp:1374)
WARNING: Missing .uid file for path "res://tools/release/export-notices.gd". The file was re-created from cache.
     at: _process_file_system (editor/file_system/editor_file_system.cpp:1374)
[   0% ] [90m[1mupdate_scripts_classes[22m | Started Registering global classes... (3 steps)[39m[0m
[   0% ] [90m[1mupdate_scripts_classes[22m | RulesEffects[39m[0m
[  25% ] [90m[1mupdate_scripts_classes[22m | RulesRegistry[39m[0m
[  50% ] [90m[1mupdate_scripts_classes[22m | [39m[0m
[92m[ DONE ][39m [1mupdate_scripts_classes[22m
[0m
[   0% ] [90m[1mloading_editor_layout[22m | Started Loading editor (5 steps)[39m[0m
[   0% ] [90m[1mloading_editor_layout[22m | Loading editor layout...[39m[0m
[  16% ] [90m[1mloading_editor_layout[22m | Loading docks...[39m[0m
[92m[ DONE ][39m [1mloading_editor_layout[22m
[0m
